// Jest Snapshot v1, https://goo.gl/fbAQLP

exports[`Fhir Field is required when releasing a custom fhir release message 1`] = `
"<form>
  <div class="nhsuk-form-group nhsuk-form-group--error">
    <fieldset class="nhsuk-fieldset">
      <div class="nhsuk-form-group nhsuk-form-group--error"><label class="nhsuk-label nhsuk-label--s" id="releaseType--label" for="releaseType">Choose how you want to release prescription(s)</label><span class="nhsuk-error-message" id="releaseType--error-message"><span class="nhsuk-u-visually-hidden">Error: </span>You must enter a FHIR release message when selecting 'With a FHIR release message'</span>
        <div class="nhsuk-radios" id="releaseType" value="custom" aria-label="Choose how you want to release prescription(s)" aria-describedby="releaseType--error-message">
          <div class="nhsuk-radios__item"><input class="nhsuk-radios__input" id="releaseType-1" name="releaseType" type="radio" value="all" checked=""><label class="nhsuk-label nhsuk-radios__label" id="releaseType-1--label" for="releaseType-1">All nominated prescriptions for the below pharmacy</label></div>
          <div class="nhsuk-radios__item"><input class="nhsuk-radios__input" id="releaseType-2" name="releaseType" type="radio" value="prescriptionId"><label class="nhsuk-label nhsuk-radios__label" id="releaseType-2--label" for="releaseType-2">A single prescription by ID</label></div>
          <div class="nhsuk-radios__item"><input class="nhsuk-radios__input" id="releaseType-3" name="releaseType" type="radio" value="custom"><label class="nhsuk-label nhsuk-radios__label" id="releaseType-3--label" for="releaseType-3">With a FHIR release message</label></div>
        </div>
      </div>
      <div class="nhsuk-form-group"><label class="nhsuk-label" id="customReleaseFhir--label" for="customReleaseFhir">Paste a FHIR release message</label><textarea class="nhsuk-textarea" name="customReleaseFhir" id="customReleaseFhir" rows="20"></textarea></div>
    </fieldset>
  </div>
  <div class="sc-bXdtCk fhMUre"><button class="nhsuk-button" aria-disabled="false" type="submit">Release</button><button class="nhsuk-button nhsuk-button--secondary" aria-disabled="false" type="button">Back</button></div>
</form>"
`;

exports[`Fields default to current values for nominated release 1`] = `
"<form>
  <div class="nhsuk-form-group">
    <fieldset class="nhsuk-fieldset">
      <div class="nhsuk-form-group"><label class="nhsuk-label nhsuk-label--s" id="releaseType--label" for="releaseType">Choose how you want to release prescription(s)</label>
        <div class="nhsuk-radios" id="releaseType" value="all" aria-label="Choose how you want to release prescription(s)">
          <div class="nhsuk-radios__item"><input class="nhsuk-radios__input" id="releaseType-1" name="releaseType" type="radio" value="all" checked=""><label class="nhsuk-label nhsuk-radios__label" id="releaseType-1--label" for="releaseType-1">All nominated prescriptions for the below pharmacy</label></div>
          <div class="nhsuk-radios__item"><input class="nhsuk-radios__input" id="releaseType-2" name="releaseType" type="radio" value="prescriptionId"><label class="nhsuk-label nhsuk-radios__label" id="releaseType-2--label" for="releaseType-2">A single prescription by ID</label></div>
          <div class="nhsuk-radios__item"><input class="nhsuk-radios__input" id="releaseType-3" name="releaseType" type="radio" value="custom"><label class="nhsuk-label nhsuk-radios__label" id="releaseType-3--label" for="releaseType-3">With a FHIR release message</label></div>
        </div>
      </div>
      <div class="nhsuk-form-group"><label class="nhsuk-label nhsuk-label--s" id="pharmacy--label" for="pharmacy">Pharmacy to release prescriptions to</label>
        <div class="nhsuk-radios" id="pharmacy" value="" aria-label="Pharmacy to release prescriptions to">
          <div class="nhsuk-radios__item"><input class="nhsuk-radios__input" id="pharmacy-1" name="pharmacy" type="radio" value="VNFKT"><label class="nhsuk-label nhsuk-radios__label" id="pharmacy-1--label" for="pharmacy-1">VNFKT - FIVE STAR HOMECARE LEEDS LTD</label></div>
          <div class="nhsuk-radios__item"><input class="nhsuk-radios__input" id="pharmacy-2" name="pharmacy" type="radio" value="YGM1E"><label class="nhsuk-label nhsuk-radios__label" id="pharmacy-2--label" for="pharmacy-2">YGM1E - MBBM HEALTHCARE TECHNOLOGIES LTD</label></div>
          <div class="nhsuk-radios__item"><input class="nhsuk-radios__input" id="pharmacy-3" name="pharmacy" type="radio" value="custom"><label class="nhsuk-label nhsuk-radios__label" id="pharmacy-3--label" for="pharmacy-3">Other</label></div>
        </div>
      </div>
    </fieldset>
  </div>
  <div class="sc-bXdtCk fhMUre"><button class="nhsuk-button" aria-disabled="false" type="submit">Release</button><button class="nhsuk-button nhsuk-button--secondary" aria-disabled="false" type="button">Back</button></div>
</form>"
`;

exports[`Fields default to current values for patient release 1`] = `
"<form>
  <div class="nhsuk-form-group">
    <fieldset class="nhsuk-fieldset">
      <div class="nhsuk-form-group"><label class="nhsuk-label nhsuk-label--s" id="releaseType--label" for="releaseType">Choose how you want to release prescription(s)</label>
        <div class="nhsuk-radios" id="releaseType" value="prescriptionId" aria-label="Choose how you want to release prescription(s)">
          <div class="nhsuk-radios__item"><input class="nhsuk-radios__input" id="releaseType-1" name="releaseType" type="radio" value="all"><label class="nhsuk-label nhsuk-radios__label" id="releaseType-1--label" for="releaseType-1">All nominated prescriptions for the below pharmacy</label></div>
          <div class="nhsuk-radios__item"><input class="nhsuk-radios__input" id="releaseType-2" name="releaseType" type="radio" value="prescriptionId" checked=""><label class="nhsuk-label nhsuk-radios__label" id="releaseType-2--label" for="releaseType-2">A single prescription by ID</label></div>
          <div class="nhsuk-radios__item"><input class="nhsuk-radios__input" id="releaseType-3" name="releaseType" type="radio" value="custom"><label class="nhsuk-label nhsuk-radios__label" id="releaseType-3--label" for="releaseType-3">With a FHIR release message</label></div>
        </div>
      </div>
      <div class="nhsuk-form-group"><label class="nhsuk-label" id="prescriptionId--label" for="prescriptionId">Prescription ID</label><input class="nhsuk-input nhsuk-input--width-30" type="text" name="prescriptionId" id="prescriptionId" value="7A9089-A83008-56A03J"></div>
      <div class="nhsuk-form-group"><label class="nhsuk-label nhsuk-label--s" id="pharmacy--label" for="pharmacy">Pharmacy to release prescriptions to</label>
        <div class="nhsuk-radios" id="pharmacy" value="" aria-label="Pharmacy to release prescriptions to">
          <div class="nhsuk-radios__item"><input class="nhsuk-radios__input" id="pharmacy-1" name="pharmacy" type="radio" value="VNFKT"><label class="nhsuk-label nhsuk-radios__label" id="pharmacy-1--label" for="pharmacy-1">VNFKT - FIVE STAR HOMECARE LEEDS LTD</label></div>
          <div class="nhsuk-radios__item"><input class="nhsuk-radios__input" id="pharmacy-2" name="pharmacy" type="radio" value="YGM1E"><label class="nhsuk-label nhsuk-radios__label" id="pharmacy-2--label" for="pharmacy-2">YGM1E - MBBM HEALTHCARE TECHNOLOGIES LTD</label></div>
          <div class="nhsuk-radios__item"><input class="nhsuk-radios__input" id="pharmacy-3" name="pharmacy" type="radio" value="custom"><label class="nhsuk-label nhsuk-radios__label" id="pharmacy-3--label" for="pharmacy-3">Other</label></div>
        </div>
      </div>
    </fieldset>
  </div>
  <div class="sc-bXdtCk fhMUre"><button class="nhsuk-button" aria-disabled="false" type="submit">Release</button><button class="nhsuk-button nhsuk-button--secondary" aria-disabled="false" type="button">Back</button></div>
</form>"
`;

exports[`Pharmacy to release to is always required 1`] = `
"<form>
  <div class="nhsuk-form-group nhsuk-form-group--error">
    <fieldset class="nhsuk-fieldset">
      <div class="nhsuk-form-group"><label class="nhsuk-label nhsuk-label--s" id="releaseType--label" for="releaseType">Choose how you want to release prescription(s)</label>
        <div class="nhsuk-radios" id="releaseType" value="all" aria-label="Choose how you want to release prescription(s)">
          <div class="nhsuk-radios__item"><input class="nhsuk-radios__input" id="releaseType-1" name="releaseType" type="radio" value="all" checked=""><label class="nhsuk-label nhsuk-radios__label" id="releaseType-1--label" for="releaseType-1">All nominated prescriptions for the below pharmacy</label></div>
          <div class="nhsuk-radios__item"><input class="nhsuk-radios__input" id="releaseType-2" name="releaseType" type="radio" value="prescriptionId"><label class="nhsuk-label nhsuk-radios__label" id="releaseType-2--label" for="releaseType-2">A single prescription by ID</label></div>
          <div class="nhsuk-radios__item"><input class="nhsuk-radios__input" id="releaseType-3" name="releaseType" type="radio" value="custom"><label class="nhsuk-label nhsuk-radios__label" id="releaseType-3--label" for="releaseType-3">With a FHIR release message</label></div>
        </div>
      </div>
      <div class="nhsuk-form-group nhsuk-form-group--error"><label class="nhsuk-label nhsuk-label--s" id="pharmacy--label" for="pharmacy">Pharmacy to release prescriptions to</label><span class="nhsuk-error-message" id="pharmacy--error-message"><span class="nhsuk-u-visually-hidden">Error: </span>You must select a pharmacy to release to</span>
        <div class="nhsuk-radios" id="pharmacy" value="" aria-label="Pharmacy to release prescriptions to" aria-describedby="pharmacy--error-message">
          <div class="nhsuk-radios__item"><input class="nhsuk-radios__input" id="pharmacy-1" name="pharmacy" type="radio" value="VNFKT"><label class="nhsuk-label nhsuk-radios__label" id="pharmacy-1--label" for="pharmacy-1">VNFKT - FIVE STAR HOMECARE LEEDS LTD</label></div>
          <div class="nhsuk-radios__item"><input class="nhsuk-radios__input" id="pharmacy-2" name="pharmacy" type="radio" value="YGM1E"><label class="nhsuk-label nhsuk-radios__label" id="pharmacy-2--label" for="pharmacy-2">YGM1E - MBBM HEALTHCARE TECHNOLOGIES LTD</label></div>
          <div class="nhsuk-radios__item"><input class="nhsuk-radios__input" id="pharmacy-3" name="pharmacy" type="radio" value="custom"><label class="nhsuk-label nhsuk-radios__label" id="pharmacy-3--label" for="pharmacy-3">Other</label></div>
        </div>
      </div>
    </fieldset>
  </div>
  <div class="sc-bXdtCk fhMUre"><button class="nhsuk-button" aria-disabled="false" type="submit">Release</button><button class="nhsuk-button nhsuk-button--secondary" aria-disabled="false" type="button">Back</button></div>
</form>"
`;

exports[`Prescription Id Field is required when releasing by prescription Id 1`] = `
"<form>
  <div class="nhsuk-form-group nhsuk-form-group--error">
    <fieldset class="nhsuk-fieldset">
      <div class="nhsuk-form-group nhsuk-form-group--error"><label class="nhsuk-label nhsuk-label--s" id="releaseType--label" for="releaseType">Choose how you want to release prescription(s)</label><span class="nhsuk-error-message" id="releaseType--error-message"><span class="nhsuk-u-visually-hidden">Error: </span>You must enter a 'Prescription ID' to release to when releasing a single prescription</span>
        <div class="nhsuk-radios" id="releaseType" value="prescriptionId" aria-label="Choose how you want to release prescription(s)" aria-describedby="releaseType--error-message">
          <div class="nhsuk-radios__item"><input class="nhsuk-radios__input" id="releaseType-1" name="releaseType" type="radio" value="all" checked=""><label class="nhsuk-label nhsuk-radios__label" id="releaseType-1--label" for="releaseType-1">All nominated prescriptions for the below pharmacy</label></div>
          <div class="nhsuk-radios__item"><input class="nhsuk-radios__input" id="releaseType-2" name="releaseType" type="radio" value="prescriptionId"><label class="nhsuk-label nhsuk-radios__label" id="releaseType-2--label" for="releaseType-2">A single prescription by ID</label></div>
          <div class="nhsuk-radios__item"><input class="nhsuk-radios__input" id="releaseType-3" name="releaseType" type="radio" value="custom"><label class="nhsuk-label nhsuk-radios__label" id="releaseType-3--label" for="releaseType-3">With a FHIR release message</label></div>
        </div>
      </div>
      <div class="nhsuk-form-group"><label class="nhsuk-label" id="prescriptionId--label" for="prescriptionId">Prescription ID</label><input class="nhsuk-input nhsuk-input--width-30" type="text" name="prescriptionId" id="prescriptionId" value=""></div>
      <div class="nhsuk-form-group nhsuk-form-group--error"><label class="nhsuk-label nhsuk-label--s" id="pharmacy--label" for="pharmacy">Pharmacy to release prescriptions to</label><span class="nhsuk-error-message" id="pharmacy--error-message"><span class="nhsuk-u-visually-hidden">Error: </span>You must select a pharmacy to release to</span>
        <div class="nhsuk-radios" id="pharmacy" value="" aria-label="Pharmacy to release prescriptions to" aria-describedby="pharmacy--error-message">
          <div class="nhsuk-radios__item"><input class="nhsuk-radios__input" id="pharmacy-1" name="pharmacy" type="radio" value="VNFKT"><label class="nhsuk-label nhsuk-radios__label" id="pharmacy-1--label" for="pharmacy-1">VNFKT - FIVE STAR HOMECARE LEEDS LTD</label></div>
          <div class="nhsuk-radios__item"><input class="nhsuk-radios__input" id="pharmacy-2" name="pharmacy" type="radio" value="YGM1E"><label class="nhsuk-label nhsuk-radios__label" id="pharmacy-2--label" for="pharmacy-2">YGM1E - MBBM HEALTHCARE TECHNOLOGIES LTD</label></div>
          <div class="nhsuk-radios__item"><input class="nhsuk-radios__input" id="pharmacy-3" name="pharmacy" type="radio" value="custom"><label class="nhsuk-label nhsuk-radios__label" id="pharmacy-3--label" for="pharmacy-3">Other</label></div>
        </div>
      </div>
    </fieldset>
  </div>
  <div class="sc-bXdtCk fhMUre"><button class="nhsuk-button" aria-disabled="false" type="submit">Release</button><button class="nhsuk-button nhsuk-button--secondary" aria-disabled="false" type="button">Back</button></div>
</form>"
`;
