// Jest Snapshot v1, https://jestjs.io/docs/snapshot-testing

exports[`Renders correctly 1`] = `
"<div class="nhsuk-table__panel-with-heading-tab">
  <h3 class="nhsuk-table__heading-tab">Medication</h3>
  <table class="nhsuk-table">
    <caption class="nhsuk-table__caption">Medication summary</caption>
    <thead class="nhsuk-table__head">
      <tr class="nhsuk-table__row">
        <th class="nhsuk-table__header" scope="col">Details</th>
        <th class="nhsuk-table__header" scope="col">Quantity</th>
        <th class="nhsuk-table__header" scope="col">Unit</th>
        <th class="nhsuk-table__header" scope="col">Dosage Instructions</th>
      </tr>
    </thead>
    <tbody class="nhsuk-table__body">
      <tr class="nhsuk-table__row">
        <td class="nhsuk-table__cell">
          <div><b>Liquid dopamine</b></div>
          <div>FS</div>
          <div>DM</div>
          <div>YOLO</div>
          <div>See your GP next week</div>
          <div>Don't forget your 5 a day</div>
        </td>
        <td class="nhsuk-table__cell">30</td>
        <td class="nhsuk-table__cell">ml</td>
        <td class="nhsuk-table__cell">
          <div>Only take during meal</div>
          <div>Can split in half</div>
        </td>
      </tr>
    </tbody>
  </table>
</div>"
`;
