// Jest Snapshot v1, https://goo.gl/fbAQLP

exports[`Displays config form correctly in int 1`] = `
"<h1 class="nhsuk-label-wrapper"><label class="nhsuk-label nhsuk-label--xl">Config</label></h1>
<form><label class="nhsuk-label nhsuk-label--s">EPS</label>
  <div class="nhsuk-form-group">
    <fieldset class="nhsuk-fieldset"><label class="nhsuk-label nhsuk-label--s">Use Proxygen</label>
      <div class="nhsuk-form-group">
        <div class="nhsuk-checkboxes" id="useProxygen">
          <div class="nhsuk-checkboxes__item"><input name="useProxygen" id="useProxygen" type="checkbox" data-checkbox-exclusive-group="useProxygen" value="false"><label class="nhsuk-label nhsuk-checkboxes__label" id="useProxygen--label" for="useProxygen">Use Proxygen deployed APIs</label></div>
        </div>
      </div>
    </fieldset>
  </div>
  <div class="sc-dQkurY gNfCfq"><button class="nhsuk-button" aria-disabled="false" type="submit">Save</button></div>
</form>"
`;

exports[`Displays config form correctly in internal dev 1`] = `
"<h1 class="nhsuk-label-wrapper"><label class="nhsuk-label nhsuk-label--xl">Config</label></h1>
<form><label class="nhsuk-label nhsuk-label--s">EPS</label>
  <div class="nhsuk-form-group">
    <fieldset class="nhsuk-fieldset">
      <div class="nhsuk-form-group"><label class="nhsuk-label" id="epsPrNumber--label" for="epsPrNumber">EPS PR Number</label><input class="nhsuk-input nhsuk-input--width-30" type="text" name="epsPrNumber" id="epsPrNumber" value=""></div><label class="nhsuk-label nhsuk-label--s">Use Proxygen</label>
      <div class="nhsuk-form-group">
        <div class="nhsuk-checkboxes" id="useProxygen">
          <div class="nhsuk-checkboxes__item"><input name="useProxygen" id="useProxygen" type="checkbox" data-checkbox-exclusive-group="useProxygen" value="false"><label class="nhsuk-label nhsuk-checkboxes__label" id="useProxygen--label" for="useProxygen">Use Proxygen deployed APIs</label></div>
        </div>
      </div><label class="nhsuk-label nhsuk-label--s">Signing</label>
      <div class="nhsuk-form-group">
        <div class="nhsuk-checkboxes" id="useSigningMockCheckboxes">
          <div class="nhsuk-checkboxes__item"><input name="useSigningMock" id="useSigningMock" type="checkbox" data-checkbox-exclusive-group="useSigningMockCheckboxes" value="false"><label class="nhsuk-label nhsuk-checkboxes__label" id="useSigningMock--label" for="useSigningMock">Use Signing Mock</label></div>
        </div>
      </div>
      <div class="nhsuk-form-group"><label class="nhsuk-label" id="signingPrNumber--label" for="signingPrNumber">Signing PR Number</label><input class="nhsuk-input nhsuk-input--width-30" type="text" name="signingPrNumber" id="signingPrNumber" value=""></div>
    </fieldset>
  </div>
  <div class="sc-dQkurY gNfCfq"><button class="nhsuk-button" aria-disabled="false" type="submit">Save</button></div>
</form>"
`;

exports[`Displays config update result 1`] = `
"<h1 class="nhsuk-label-wrapper"><label class="nhsuk-label nhsuk-label--xl">Config Saved <svg class="nhsuk-icon nhsuk-icon__tick" xmlns="http://www.w3.org/2000/svg" viewBox="0 0 24 24" aria-hidden="true" height="34" width="34">
      <path stroke-width="4" stroke-linecap="round" stroke="#007f3b" fill="none" d="M18.4 7.8l-8.5 8.4L5.6 12"></path>
    </svg></label></h1>
<div class="sc-dQkurY gNfCfq"><button class="nhsuk-button nhsuk-button--secondary" aria-disabled="false" type="button">Back</button></div>"
`;
