// Jest Snapshot v1, https://jestjs.io/docs/snapshot-testing

exports[`Displays logout page 1`] = `
"<h1 class="nhsuk-label-wrapper"><label class="nhsuk-label nhsuk-label--xl">You have been logged out</label></h1><label class="nhsuk-label">Use the link below if you want to login again.</label>
<div class="nhsuk-action-link"><a class="nhsuk-action-link__link" href="baseUrl/login"><svg class="nhsuk-icon nhsuk-icon__arrow-right-circle" xmlns="http://www.w3.org/2000/svg" viewBox="0 0 24 24" aria-hidden="true" height="36" width="36">
      <path d="M0 0h24v24H0z" fill="none"></path>
      <path d="M12 2a10 10 0 0 0-9.95 9h11.64L9.74 7.05a1 1 0 0 1 1.41-1.41l5.66 5.65a1 1 0 0 1 0 1.42l-5.66 5.65a1 1 0 0 1-1.41 0 1 1 0 0 1 0-1.41L13.69 13H2.05A10 10 0 1 0 12 2z"></path>
    </svg><span class="nhsuk-action-link__text">Login</span></a></div>"
`;
