// Jest Snapshot v1, https://jestjs.io/docs/snapshot-testing

exports[`Displays release error response 1`] = `
"<h1 class="nhsuk-label-wrapper"><label class="nhsuk-label nhsuk-label--xl">Release Result <svg class="nhsuk-icon nhsuk-icon__cross" xmlns="http://www.w3.org/2000/svg" viewBox="0 0 24 24" aria-hidden="true" height="34" width="34">
      <path d="M17 18.5c-.4 0-.8-.1-1.1-.4l-10-10c-.6-.6-.6-1.6 0-2.1.6-.6 1.5-.6 2.1 0l10 10c.6.6.6 1.5 0 2.1-.3.3-.6.4-1 .4z" fill="#d5281b"></path>
      <path d="M7 18.5c-.4 0-.8-.1-1.1-.4-.6-.6-.6-1.5 0-2.1l10-10c.6-.6 1.5-.6 2.1 0 .6.6.6 1.5 0 2.1l-10 10c-.3.3-.6.4-1 .4z" fill="#d5281b"></path>
    </svg></label></h1>
<p>Prescription has been released by testName - testOdsCode.</p>
<p>Tel: 00000.</p>
<div class="nhsuk-action-link"><a class="nhsuk-action-link__link" href="baseUrl/prescribe/cancel?prescription_id=7A9089-A83008-56A03J"><svg class="nhsuk-icon nhsuk-icon__arrow-right-circle" xmlns="http://www.w3.org/2000/svg" viewBox="0 0 24 24" aria-hidden="true" height="36" width="36">
      <path d="M0 0h24v24H0z" fill="none"></path>
      <path d="M12 2a10 10 0 0 0-9.95 9h11.64L9.74 7.05a1 1 0 0 1 1.41-1.41l5.66 5.65a1 1 0 0 1 0 1.42l-5.66 5.65a1 1 0 0 1-1.41 0 1 1 0 0 1 0-1.41L13.69 13H2.05A10 10 0 1 0 12 2z"></path>
    </svg><span class="nhsuk-action-link__text">Cancel prescription</span></a></div>
<div class="nhsuk-action-link"><a class="nhsuk-action-link__link" href="baseUrl/view?prescription_id=7A9089-A83008-56A03J"><svg class="nhsuk-icon nhsuk-icon__arrow-right-circle" xmlns="http://www.w3.org/2000/svg" viewBox="0 0 24 24" aria-hidden="true" height="36" width="36">
      <path d="M0 0h24v24H0z" fill="none"></path>
      <path d="M12 2a10 10 0 0 0-9.95 9h11.64L9.74 7.05a1 1 0 0 1 1.41-1.41l5.66 5.65a1 1 0 0 1 0 1.42l-5.66 5.65a1 1 0 0 1-1.41 0 1 1 0 0 1 0-1.41L13.69 13H2.05A10 10 0 1 0 12 2z"></path>
    </svg><span class="nhsuk-action-link__text">Check prescription status</span></a></div>
<div class="nhsuk-expander-group">
  <details class="nhsuk-details nhsuk-expander">
    <summary class="nhsuk-details__summary"><span class="nhsuk-details__summary-text">1 - FHIR Request that a supplier would send to the FHIR API</span></summary>
    <div class="nhsuk-details__text">
      <div class="sc-fhHczv fUQVMQ"><button class="nhsuk-button sc-jwTyAe ktrVJc" aria-disabled="false" type="submit">Copy</button><a class="nhsuk-button sc-jwTyAe ktrVJc" role="button" aria-disabled="false" draggable="false" href="data:application/json;charset=utf-8,%7B%0A%20%20%22req%22%3A%20%22JSON%20Request%22%0A%7D" download="message">Download</a></div><code class="json-view"><span>{</span><span class="jv-size-chevron"><svg xmlns="http://www.w3.org/2000/svg" width="16" height="16" fill="none" viewBox="0 0 16 16" class="jv-chevron"><path fill="currentColor" d="M12.473 5.806a.666.666 0 0 0-.946 0L8.473 8.86a.667.667 0 0 1-.946 0L4.473 5.806a.667.667 0 1 0-.946.94l3.06 3.06a2 2 0 0 0 2.826 0l3.06-3.06a.667.667 0 0 0 0-.94Z"></path></svg></span><svg xmlns="http://www.w3.org/2000/svg" width="24" height="24" fill="none" viewBox="0 0 24 24" class="json-view--copy"><path fill="currentColor" d="M17.542 2.5h-4.75a3.963 3.963 0 0 0-3.959 3.958v4.75a3.963 3.963 0 0 0 3.959 3.959h4.75a3.963 3.963 0 0 0 3.958-3.959v-4.75A3.963 3.963 0 0 0 17.542 2.5Zm2.375 8.708a2.378 2.378 0 0 1-2.375 2.375h-4.75a2.378 2.378 0 0 1-2.375-2.375v-4.75a2.378 2.378 0 0 1 2.375-2.375h4.75a2.378 2.378 0 0 1 2.375 2.375v4.75Zm-4.75 6.334a3.963 3.963 0 0 1-3.959 3.958h-4.75A3.963 3.963 0 0 1 2.5 17.542v-4.75a3.963 3.963 0 0 1 3.958-3.959.791.791 0 1 1 0 1.584 2.378 2.378 0 0 0-2.375 2.375v4.75a2.378 2.378 0 0 0 2.375 2.375h4.75a2.378 2.378 0 0 0 2.375-2.375.792.792 0 1 1 1.584 0Z"></path></svg><div class="jv-indent"><div class="json-view--pair"><span class="json-view--property">req</span>: <span class="json-view--string">"JSON Request"</span><svg xmlns="http://www.w3.org/2000/svg" width="24" height="24" fill="none" viewBox="0 0 24 24" class="json-view--copy"><path fill="currentColor" d="M17.542 2.5h-4.75a3.963 3.963 0 0 0-3.959 3.958v4.75a3.963 3.963 0 0 0 3.959 3.959h4.75a3.963 3.963 0 0 0 3.958-3.959v-4.75A3.963 3.963 0 0 0 17.542 2.5Zm2.375 8.708a2.378 2.378 0 0 1-2.375 2.375h-4.75a2.378 2.378 0 0 1-2.375-2.375v-4.75a2.378 2.378 0 0 1 2.375-2.375h4.75a2.378 2.378 0 0 1 2.375 2.375v4.75Zm-4.75 6.334a3.963 3.963 0 0 1-3.959 3.958h-4.75A3.963 3.963 0 0 1 2.5 17.542v-4.75a3.963 3.963 0 0 1 3.958-3.959.791.791 0 1 1 0 1.584 2.378 2.378 0 0 0-2.375 2.375v4.75a2.378 2.378 0 0 0 2.375 2.375h4.75a2.378 2.378 0 0 0 2.375-2.375.792.792 0 1 1 1.584 0Z"></path></svg></div></div><span>}</span></code>
    </div>
  </details>
  <details class="nhsuk-details nhsuk-expander">
    <summary class="nhsuk-details__summary"><span class="nhsuk-details__summary-text">2 - Equivalent hl7v3 that the FHIR API has sent to spine</span></summary>
    <div class="nhsuk-details__text">
      <div class="sc-fhHczv fUQVMQ"><button class="nhsuk-button sc-jwTyAe ktrVJc" aria-disabled="false" type="submit">Copy</button><a class="nhsuk-button sc-jwTyAe ktrVJc" role="button" aria-disabled="false" draggable="false" href="data:text/xml;charset=utf-8,XML%20Request" download="message">Download</a></div><pre class="sc-dTvVRJ husyBe">XML Request</pre>
    </div>
  </details>
  <details class="nhsuk-details nhsuk-expander">
    <summary class="nhsuk-details__summary"><span class="nhsuk-details__summary-text">3 -  The hl7v3 spine response that the FHIR API received from spine</span></summary>
    <div class="nhsuk-details__text">
      <div class="sc-fhHczv fUQVMQ"><button class="nhsuk-button sc-jwTyAe ktrVJc" aria-disabled="false" type="submit">Copy</button><a class="nhsuk-button sc-jwTyAe ktrVJc" role="button" aria-disabled="false" draggable="false" href="data:text/xml;charset=utf-8,XML%20Response" download="message">Download</a></div><pre class="sc-dTvVRJ husyBe">XML Response</pre>
    </div>
  </details>
  <details class="nhsuk-details nhsuk-expander">
    <summary class="nhsuk-details__summary"><span class="nhsuk-details__summary-text">4 - FHIR Response that a supplier will receive from the FHIR API</span></summary>
    <div class="nhsuk-details__text">
      <div class="sc-fhHczv fUQVMQ"><button class="nhsuk-button sc-jwTyAe ktrVJc" aria-disabled="false" type="submit">Copy</button><a class="nhsuk-button sc-jwTyAe ktrVJc" role="button" aria-disabled="false" draggable="false" href="data:application/json;charset=utf-8,%7B%0A%20%20%22res%22%3A%20%22JSON%20Response%22%0A%7D" download="message">Download</a></div><code class="json-view"><span>{</span><span class="jv-size-chevron"><svg xmlns="http://www.w3.org/2000/svg" width="16" height="16" fill="none" viewBox="0 0 16 16" class="jv-chevron"><path fill="currentColor" d="M12.473 5.806a.666.666 0 0 0-.946 0L8.473 8.86a.667.667 0 0 1-.946 0L4.473 5.806a.667.667 0 1 0-.946.94l3.06 3.06a2 2 0 0 0 2.826 0l3.06-3.06a.667.667 0 0 0 0-.94Z"></path></svg></span><svg xmlns="http://www.w3.org/2000/svg" width="24" height="24" fill="none" viewBox="0 0 24 24" class="json-view--copy"><path fill="currentColor" d="M17.542 2.5h-4.75a3.963 3.963 0 0 0-3.959 3.958v4.75a3.963 3.963 0 0 0 3.959 3.959h4.75a3.963 3.963 0 0 0 3.958-3.959v-4.75A3.963 3.963 0 0 0 17.542 2.5Zm2.375 8.708a2.378 2.378 0 0 1-2.375 2.375h-4.75a2.378 2.378 0 0 1-2.375-2.375v-4.75a2.378 2.378 0 0 1 2.375-2.375h4.75a2.378 2.378 0 0 1 2.375 2.375v4.75Zm-4.75 6.334a3.963 3.963 0 0 1-3.959 3.958h-4.75A3.963 3.963 0 0 1 2.5 17.542v-4.75a3.963 3.963 0 0 1 3.958-3.959.791.791 0 1 1 0 1.584 2.378 2.378 0 0 0-2.375 2.375v4.75a2.378 2.378 0 0 0 2.375 2.375h4.75a2.378 2.378 0 0 0 2.375-2.375.792.792 0 1 1 1.584 0Z"></path></svg><div class="jv-indent"><div class="json-view--pair"><span class="json-view--property">res</span>: <span class="json-view--string">"JSON Response"</span><svg xmlns="http://www.w3.org/2000/svg" width="24" height="24" fill="none" viewBox="0 0 24 24" class="json-view--copy"><path fill="currentColor" d="M17.542 2.5h-4.75a3.963 3.963 0 0 0-3.959 3.958v4.75a3.963 3.963 0 0 0 3.959 3.959h4.75a3.963 3.963 0 0 0 3.958-3.959v-4.75A3.963 3.963 0 0 0 17.542 2.5Zm2.375 8.708a2.378 2.378 0 0 1-2.375 2.375h-4.75a2.378 2.378 0 0 1-2.375-2.375v-4.75a2.378 2.378 0 0 1 2.375-2.375h4.75a2.378 2.378 0 0 1 2.375 2.375v4.75Zm-4.75 6.334a3.963 3.963 0 0 1-3.959 3.958h-4.75A3.963 3.963 0 0 1 2.5 17.542v-4.75a3.963 3.963 0 0 1 3.958-3.959.791.791 0 1 1 0 1.584 2.378 2.378 0 0 0-2.375 2.375v4.75a2.378 2.378 0 0 0 2.375 2.375h4.75a2.378 2.378 0 0 0 2.375-2.375.792.792 0 1 1 1.584 0Z"></path></svg></div></div><span>}</span></code>
    </div>
  </details>
</div>
<div class="sc-fhHczv fUQVMQ"><button class="nhsuk-button nhsuk-button--secondary" aria-disabled="false" type="button">Back</button></div>"
`;

exports[`Displays release form 1`] = `
"<h1 class="nhsuk-label-wrapper"><label class="nhsuk-label nhsuk-label--xl">Release prescription(s)</label></h1>
<form>
  <div class="nhsuk-form-group">
    <fieldset class="nhsuk-fieldset">
      <div class="nhsuk-form-group"><label class="nhsuk-label nhsuk-label--s" id="releaseType--label" for="releaseType">Choose how you want to release prescription(s)</label>
        <div class="nhsuk-radios" id="releaseType" value="prescriptionId" aria-label="Choose how you want to release prescription(s)">
          <div class="nhsuk-radios__item"><input class="nhsuk-radios__input" id="releaseType-1" name="releaseType" type="radio" value="all"><label class="nhsuk-label nhsuk-radios__label" id="releaseType-1--label" for="releaseType-1">All nominated prescriptions for the below pharmacy</label></div>
          <div class="nhsuk-radios__item"><input class="nhsuk-radios__input" id="releaseType-2" name="releaseType" type="radio" value="prescriptionId" checked=""><label class="nhsuk-label nhsuk-radios__label" id="releaseType-2--label" for="releaseType-2">A single prescription by ID</label></div>
          <div class="nhsuk-radios__item"><input class="nhsuk-radios__input" id="releaseType-3" name="releaseType" type="radio" value="custom"><label class="nhsuk-label nhsuk-radios__label" id="releaseType-3--label" for="releaseType-3">With a FHIR release message</label></div>
        </div>
      </div>
      <div class="nhsuk-form-group"><label class="nhsuk-label" id="prescriptionId--label" for="prescriptionId">Prescription ID</label><input class="nhsuk-input nhsuk-input--width-30" type="text" name="prescriptionId" id="prescriptionId" value="7A9089-A83008-56A03J"></div>
      <div class="nhsuk-form-group"><label class="nhsuk-label nhsuk-label--s" id="pharmacy--label" for="pharmacy">Pharmacy to release prescriptions to</label>
        <div class="nhsuk-radios" id="pharmacy" value="" aria-label="Pharmacy to release prescriptions to">
          <div class="nhsuk-radios__item"><input class="nhsuk-radios__input" id="pharmacy-1" name="pharmacy" type="radio" value="VNFKT"><label class="nhsuk-label nhsuk-radios__label" id="pharmacy-1--label" for="pharmacy-1">VNFKT - FIVE STAR HOMECARE LEEDS LTD</label></div>
          <div class="nhsuk-radios__item"><input class="nhsuk-radios__input" id="pharmacy-2" name="pharmacy" type="radio" value="YGM1E"><label class="nhsuk-label nhsuk-radios__label" id="pharmacy-2--label" for="pharmacy-2">YGM1E - MBBM HEALTHCARE TECHNOLOGIES LTD</label></div>
          <div class="nhsuk-radios__item"><input class="nhsuk-radios__input" id="pharmacy-3" name="pharmacy" type="radio" value="custom"><label class="nhsuk-label nhsuk-radios__label" id="pharmacy-3--label" for="pharmacy-3">Other</label></div>
        </div>
      </div>
    </fieldset>
  </div>
  <div class="sc-fhHczv fUQVMQ"><button class="nhsuk-button" aria-disabled="false" type="submit">Release</button><button class="nhsuk-button nhsuk-button--secondary" aria-disabled="false" type="button">Back</button></div>
</form>"
`;

exports[`Displays release result 1`] = `
"<h1 class="nhsuk-label-wrapper"><label class="nhsuk-label nhsuk-label--xl">Release Result <svg class="nhsuk-icon nhsuk-icon__tick" xmlns="http://www.w3.org/2000/svg" viewBox="0 0 24 24" aria-hidden="true" height="34" width="34">
      <path stroke-width="4" stroke-linecap="round" stroke="#007f3b" fill="none" d="M18.4 7.8l-8.5 8.4L5.6 12"></path>
    </svg></label></h1>
<div class="nhsuk-expander-group">
  <details class="nhsuk-details nhsuk-expander">
    <summary class="nhsuk-details__summary"><span class="nhsuk-details__summary-text">1 - FHIR Request that a supplier would send to the FHIR API</span></summary>
    <div class="nhsuk-details__text">
      <div class="sc-fhHczv fUQVMQ"><button class="nhsuk-button sc-jwTyAe ktrVJc" aria-disabled="false" type="submit">Copy</button><a class="nhsuk-button sc-jwTyAe ktrVJc" role="button" aria-disabled="false" draggable="false" href="data:application/json;charset=utf-8,%7B%0A%20%20%22req%22%3A%20%22JSON%20Request%22%0A%7D" download="message">Download</a></div><code class="json-view"><span>{</span><span class="jv-size-chevron"><svg xmlns="http://www.w3.org/2000/svg" width="16" height="16" fill="none" viewBox="0 0 16 16" class="jv-chevron"><path fill="currentColor" d="M12.473 5.806a.666.666 0 0 0-.946 0L8.473 8.86a.667.667 0 0 1-.946 0L4.473 5.806a.667.667 0 1 0-.946.94l3.06 3.06a2 2 0 0 0 2.826 0l3.06-3.06a.667.667 0 0 0 0-.94Z"></path></svg></span><svg xmlns="http://www.w3.org/2000/svg" width="24" height="24" fill="none" viewBox="0 0 24 24" class="json-view--copy"><path fill="currentColor" d="M17.542 2.5h-4.75a3.963 3.963 0 0 0-3.959 3.958v4.75a3.963 3.963 0 0 0 3.959 3.959h4.75a3.963 3.963 0 0 0 3.958-3.959v-4.75A3.963 3.963 0 0 0 17.542 2.5Zm2.375 8.708a2.378 2.378 0 0 1-2.375 2.375h-4.75a2.378 2.378 0 0 1-2.375-2.375v-4.75a2.378 2.378 0 0 1 2.375-2.375h4.75a2.378 2.378 0 0 1 2.375 2.375v4.75Zm-4.75 6.334a3.963 3.963 0 0 1-3.959 3.958h-4.75A3.963 3.963 0 0 1 2.5 17.542v-4.75a3.963 3.963 0 0 1 3.958-3.959.791.791 0 1 1 0 1.584 2.378 2.378 0 0 0-2.375 2.375v4.75a2.378 2.378 0 0 0 2.375 2.375h4.75a2.378 2.378 0 0 0 2.375-2.375.792.792 0 1 1 1.584 0Z"></path></svg><div class="jv-indent"><div class="json-view--pair"><span class="json-view--property">req</span>: <span class="json-view--string">"JSON Request"</span><svg xmlns="http://www.w3.org/2000/svg" width="24" height="24" fill="none" viewBox="0 0 24 24" class="json-view--copy"><path fill="currentColor" d="M17.542 2.5h-4.75a3.963 3.963 0 0 0-3.959 3.958v4.75a3.963 3.963 0 0 0 3.959 3.959h4.75a3.963 3.963 0 0 0 3.958-3.959v-4.75A3.963 3.963 0 0 0 17.542 2.5Zm2.375 8.708a2.378 2.378 0 0 1-2.375 2.375h-4.75a2.378 2.378 0 0 1-2.375-2.375v-4.75a2.378 2.378 0 0 1 2.375-2.375h4.75a2.378 2.378 0 0 1 2.375 2.375v4.75Zm-4.75 6.334a3.963 3.963 0 0 1-3.959 3.958h-4.75A3.963 3.963 0 0 1 2.5 17.542v-4.75a3.963 3.963 0 0 1 3.958-3.959.791.791 0 1 1 0 1.584 2.378 2.378 0 0 0-2.375 2.375v4.75a2.378 2.378 0 0 0 2.375 2.375h4.75a2.378 2.378 0 0 0 2.375-2.375.792.792 0 1 1 1.584 0Z"></path></svg></div></div><span>}</span></code>
    </div>
  </details>
  <details class="nhsuk-details nhsuk-expander">
    <summary class="nhsuk-details__summary"><span class="nhsuk-details__summary-text">2 - Equivalent hl7v3 that the FHIR API has sent to spine</span></summary>
    <div class="nhsuk-details__text">
      <div class="sc-fhHczv fUQVMQ"><button class="nhsuk-button sc-jwTyAe ktrVJc" aria-disabled="false" type="submit">Copy</button><a class="nhsuk-button sc-jwTyAe ktrVJc" role="button" aria-disabled="false" draggable="false" href="data:text/xml;charset=utf-8,XML%20Request" download="message">Download</a></div><pre class="sc-dTvVRJ husyBe">XML Request</pre>
    </div>
  </details>
  <details class="nhsuk-details nhsuk-expander">
    <summary class="nhsuk-details__summary"><span class="nhsuk-details__summary-text">3 -  The hl7v3 spine response that the FHIR API received from spine</span></summary>
    <div class="nhsuk-details__text">
      <div class="sc-fhHczv fUQVMQ"><button class="nhsuk-button sc-jwTyAe ktrVJc" aria-disabled="false" type="submit">Copy</button><a class="nhsuk-button sc-jwTyAe ktrVJc" role="button" aria-disabled="false" draggable="false" href="data:text/xml;charset=utf-8,XML%20Response" download="message">Download</a></div><pre class="sc-dTvVRJ husyBe">XML Response</pre>
    </div>
  </details>
  <details class="nhsuk-details nhsuk-expander">
    <summary class="nhsuk-details__summary"><span class="nhsuk-details__summary-text">4 - FHIR Response that a supplier will receive from the FHIR API</span></summary>
    <div class="nhsuk-details__text">
      <div class="sc-fhHczv fUQVMQ"><button class="nhsuk-button sc-jwTyAe ktrVJc" aria-disabled="false" type="submit">Copy</button><a class="nhsuk-button sc-jwTyAe ktrVJc" role="button" aria-disabled="false" draggable="false" href="data:application/json;charset=utf-8,%7B%0A%20%20%22res%22%3A%20%22JSON%20Response%22%0A%7D" download="message">Download</a></div><code class="json-view"><span>{</span><span class="jv-size-chevron"><svg xmlns="http://www.w3.org/2000/svg" width="16" height="16" fill="none" viewBox="0 0 16 16" class="jv-chevron"><path fill="currentColor" d="M12.473 5.806a.666.666 0 0 0-.946 0L8.473 8.86a.667.667 0 0 1-.946 0L4.473 5.806a.667.667 0 1 0-.946.94l3.06 3.06a2 2 0 0 0 2.826 0l3.06-3.06a.667.667 0 0 0 0-.94Z"></path></svg></span><svg xmlns="http://www.w3.org/2000/svg" width="24" height="24" fill="none" viewBox="0 0 24 24" class="json-view--copy"><path fill="currentColor" d="M17.542 2.5h-4.75a3.963 3.963 0 0 0-3.959 3.958v4.75a3.963 3.963 0 0 0 3.959 3.959h4.75a3.963 3.963 0 0 0 3.958-3.959v-4.75A3.963 3.963 0 0 0 17.542 2.5Zm2.375 8.708a2.378 2.378 0 0 1-2.375 2.375h-4.75a2.378 2.378 0 0 1-2.375-2.375v-4.75a2.378 2.378 0 0 1 2.375-2.375h4.75a2.378 2.378 0 0 1 2.375 2.375v4.75Zm-4.75 6.334a3.963 3.963 0 0 1-3.959 3.958h-4.75A3.963 3.963 0 0 1 2.5 17.542v-4.75a3.963 3.963 0 0 1 3.958-3.959.791.791 0 1 1 0 1.584 2.378 2.378 0 0 0-2.375 2.375v4.75a2.378 2.378 0 0 0 2.375 2.375h4.75a2.378 2.378 0 0 0 2.375-2.375.792.792 0 1 1 1.584 0Z"></path></svg><div class="jv-indent"><div class="json-view--pair"><span class="json-view--property">res</span>: <span class="json-view--string">"JSON Response"</span><svg xmlns="http://www.w3.org/2000/svg" width="24" height="24" fill="none" viewBox="0 0 24 24" class="json-view--copy"><path fill="currentColor" d="M17.542 2.5h-4.75a3.963 3.963 0 0 0-3.959 3.958v4.75a3.963 3.963 0 0 0 3.959 3.959h4.75a3.963 3.963 0 0 0 3.958-3.959v-4.75A3.963 3.963 0 0 0 17.542 2.5Zm2.375 8.708a2.378 2.378 0 0 1-2.375 2.375h-4.75a2.378 2.378 0 0 1-2.375-2.375v-4.75a2.378 2.378 0 0 1 2.375-2.375h4.75a2.378 2.378 0 0 1 2.375 2.375v4.75Zm-4.75 6.334a3.963 3.963 0 0 1-3.959 3.958h-4.75A3.963 3.963 0 0 1 2.5 17.542v-4.75a3.963 3.963 0 0 1 3.958-3.959.791.791 0 1 1 0 1.584 2.378 2.378 0 0 0-2.375 2.375v4.75a2.378 2.378 0 0 0 2.375 2.375h4.75a2.378 2.378 0 0 0 2.375-2.375.792.792 0 1 1 1.584 0Z"></path></svg></div></div><span>}</span></code>
    </div>
  </details>
</div>
<div class="sc-fhHczv fUQVMQ"><button class="nhsuk-button nhsuk-button--secondary" aria-disabled="false" type="button">Back</button></div>"
`;
