// Jest Snapshot v1, https://goo.gl/fbAQLP

exports[`Displays validate form 1`] = `
"<h1 class="nhsuk-label-wrapper"><label class="nhsuk-label nhsuk-label--xl">Validate a FHIR Resource</label></h1>
<form>
  <div class="nhsuk-form-group">
    <fieldset class="nhsuk-fieldset sc-cXrvCr fnLzrb">
      <div class="nhsuk-form-group"><textarea class="nhsuk-textarea" name="validatePayload" id="validatePayload" rows="20"></textarea></div>
    </fieldset>
  </div>
  <div class="sc-dQkurY gNfCfq"><button class="nhsuk-button" aria-disabled="false" type="submit">Validate</button><button class="nhsuk-button nhsuk-button--secondary" aria-disabled="false" type="button">Back</button></div>
</form>"
`;

exports[`Displays validate result 1`] = `
"<h1 class="nhsuk-label-wrapper"><label class="nhsuk-label nhsuk-label--xl">Validate Result <svg class="nhsuk-icon nhsuk-icon__tick" xmlns="http://www.w3.org/2000/svg" viewBox="0 0 24 24" aria-hidden="true" height="34" width="34">
      <path stroke-width="4" stroke-linecap="round" stroke="#007f3b" fill="none" d="M18.4 7.8l-8.5 8.4L5.6 12"></path>
    </svg></label></h1>
<div class="nhsuk-expander-group">
  <details class="nhsuk-details nhsuk-expander">
    <summary class="nhsuk-details__summary"><span class="nhsuk-details__summary-text">1 - FHIR Request that a supplier would send to the FHIR API</span></summary>
    <div class="nhsuk-details__text">
      <div class="sc-dQkurY gNfCfq"><button class="nhsuk-button sc-jgmqJh cxDmGM" aria-disabled="false" type="submit">Copy</button><a class="nhsuk-button sc-jgmqJh cxDmGM" role="button" aria-disabled="false" draggable="false" href="data:application/json;charset=utf-8,%7B%0A%20%20%22req%22%3A%20%22JSON%20Request%22%0A%7D" download="message">Download</a></div><code class="json-view"><span>{</span><span class="jv-size-chevron"><svg xmlns="http://www.w3.org/2000/svg" width="16" height="16" fill="none" viewBox="0 0 16 16" class="jv-chevron"><path fill="currentColor" d="M12.473 5.806a.666.666 0 0 0-.946 0L8.473 8.86a.667.667 0 0 1-.946 0L4.473 5.806a.667.667 0 1 0-.946.94l3.06 3.06a2 2 0 0 0 2.826 0l3.06-3.06a.667.667 0 0 0 0-.94Z"></path></svg></span><svg xmlns="http://www.w3.org/2000/svg" width="24" height="24" fill="none" viewBox="0 0 24 24" class="json-view--copy"><path fill="currentColor" d="M17.542 2.5h-4.75a3.963 3.963 0 0 0-3.959 3.958v4.75a3.963 3.963 0 0 0 3.959 3.959h4.75a3.963 3.963 0 0 0 3.958-3.959v-4.75A3.963 3.963 0 0 0 17.542 2.5Zm2.375 8.708a2.378 2.378 0 0 1-2.375 2.375h-4.75a2.378 2.378 0 0 1-2.375-2.375v-4.75a2.378 2.378 0 0 1 2.375-2.375h4.75a2.378 2.378 0 0 1 2.375 2.375v4.75Zm-4.75 6.334a3.963 3.963 0 0 1-3.959 3.958h-4.75A3.963 3.963 0 0 1 2.5 17.542v-4.75a3.963 3.963 0 0 1 3.958-3.959.791.791 0 1 1 0 1.584 2.378 2.378 0 0 0-2.375 2.375v4.75a2.378 2.378 0 0 0 2.375 2.375h4.75a2.378 2.378 0 0 0 2.375-2.375.792.792 0 1 1 1.584 0Z"></path></svg><div class="jv-indent"><div class="json-view--pair"><span class="json-view--property">req</span>: <span class="json-view--string">"JSON Request"</span><svg xmlns="http://www.w3.org/2000/svg" width="24" height="24" fill="none" viewBox="0 0 24 24" class="json-view--copy"><path fill="currentColor" d="M17.542 2.5h-4.75a3.963 3.963 0 0 0-3.959 3.958v4.75a3.963 3.963 0 0 0 3.959 3.959h4.75a3.963 3.963 0 0 0 3.958-3.959v-4.75A3.963 3.963 0 0 0 17.542 2.5Zm2.375 8.708a2.378 2.378 0 0 1-2.375 2.375h-4.75a2.378 2.378 0 0 1-2.375-2.375v-4.75a2.378 2.378 0 0 1 2.375-2.375h4.75a2.378 2.378 0 0 1 2.375 2.375v4.75Zm-4.75 6.334a3.963 3.963 0 0 1-3.959 3.958h-4.75A3.963 3.963 0 0 1 2.5 17.542v-4.75a3.963 3.963 0 0 1 3.958-3.959.791.791 0 1 1 0 1.584 2.378 2.378 0 0 0-2.375 2.375v4.75a2.378 2.378 0 0 0 2.375 2.375h4.75a2.378 2.378 0 0 0 2.375-2.375.792.792 0 1 1 1.584 0Z"></path></svg></div></div><span>}</span></code>
    </div>
  </details>
  <details class="nhsuk-details nhsuk-expander">
    <summary class="nhsuk-details__summary"><span class="nhsuk-details__summary-text">2 - FHIR Response that a supplier will receive from the FHIR API</span></summary>
    <div class="nhsuk-details__text">
      <div class="sc-dQkurY gNfCfq"><button class="nhsuk-button sc-jgmqJh cxDmGM" aria-disabled="false" type="submit">Copy</button><a class="nhsuk-button sc-jgmqJh cxDmGM" role="button" aria-disabled="false" draggable="false" href="data:application/json;charset=utf-8,%7B%0A%20%20%22res%22%3A%20%22JSON%20Response%22%0A%7D" download="message">Download</a></div><code class="json-view"><span>{</span><span class="jv-size-chevron"><svg xmlns="http://www.w3.org/2000/svg" width="16" height="16" fill="none" viewBox="0 0 16 16" class="jv-chevron"><path fill="currentColor" d="M12.473 5.806a.666.666 0 0 0-.946 0L8.473 8.86a.667.667 0 0 1-.946 0L4.473 5.806a.667.667 0 1 0-.946.94l3.06 3.06a2 2 0 0 0 2.826 0l3.06-3.06a.667.667 0 0 0 0-.94Z"></path></svg></span><svg xmlns="http://www.w3.org/2000/svg" width="24" height="24" fill="none" viewBox="0 0 24 24" class="json-view--copy"><path fill="currentColor" d="M17.542 2.5h-4.75a3.963 3.963 0 0 0-3.959 3.958v4.75a3.963 3.963 0 0 0 3.959 3.959h4.75a3.963 3.963 0 0 0 3.958-3.959v-4.75A3.963 3.963 0 0 0 17.542 2.5Zm2.375 8.708a2.378 2.378 0 0 1-2.375 2.375h-4.75a2.378 2.378 0 0 1-2.375-2.375v-4.75a2.378 2.378 0 0 1 2.375-2.375h4.75a2.378 2.378 0 0 1 2.375 2.375v4.75Zm-4.75 6.334a3.963 3.963 0 0 1-3.959 3.958h-4.75A3.963 3.963 0 0 1 2.5 17.542v-4.75a3.963 3.963 0 0 1 3.958-3.959.791.791 0 1 1 0 1.584 2.378 2.378 0 0 0-2.375 2.375v4.75a2.378 2.378 0 0 0 2.375 2.375h4.75a2.378 2.378 0 0 0 2.375-2.375.792.792 0 1 1 1.584 0Z"></path></svg><div class="jv-indent"><div class="json-view--pair"><span class="json-view--property">res</span>: <span class="json-view--string">"JSON Response"</span><svg xmlns="http://www.w3.org/2000/svg" width="24" height="24" fill="none" viewBox="0 0 24 24" class="json-view--copy"><path fill="currentColor" d="M17.542 2.5h-4.75a3.963 3.963 0 0 0-3.959 3.958v4.75a3.963 3.963 0 0 0 3.959 3.959h4.75a3.963 3.963 0 0 0 3.958-3.959v-4.75A3.963 3.963 0 0 0 17.542 2.5Zm2.375 8.708a2.378 2.378 0 0 1-2.375 2.375h-4.75a2.378 2.378 0 0 1-2.375-2.375v-4.75a2.378 2.378 0 0 1 2.375-2.375h4.75a2.378 2.378 0 0 1 2.375 2.375v4.75Zm-4.75 6.334a3.963 3.963 0 0 1-3.959 3.958h-4.75A3.963 3.963 0 0 1 2.5 17.542v-4.75a3.963 3.963 0 0 1 3.958-3.959.791.791 0 1 1 0 1.584 2.378 2.378 0 0 0-2.375 2.375v4.75a2.378 2.378 0 0 0 2.375 2.375h4.75a2.378 2.378 0 0 0 2.375-2.375.792.792 0 1 1 1.584 0Z"></path></svg></div></div><span>}</span></code>
    </div>
  </details>
</div>
<div class="sc-dQkurY gNfCfq"><button class="nhsuk-button nhsuk-button--secondary" aria-disabled="false" type="button">Back</button></div>"
`;
