// Jest Snapshot v1, https://goo.gl/fbAQLP

exports[`Withdraw Page When the user submits the withdraw form successfully with one dispense notifications should match the snapshot 1`] = `
"<h1 class="nhsuk-label-wrapper"><label class="nhsuk-label nhsuk-label--xl">Withdraw Result <svg class="nhsuk-icon nhsuk-icon__tick" xmlns="http://www.w3.org/2000/svg" viewBox="0 0 24 24" aria-hidden="true" height="34" width="34">
      <path stroke-width="4" stroke-linecap="round" stroke="#007f3b" fill="none" d="M18.4 7.8l-8.5 8.4L5.6 12"></path>
    </svg></label></h1>
<dl class="nhsuk-summary-list">
  <div class="nhsuk-summary-list__row">
    <dt class="nhsuk-summary-list__key">ID</dt>
    <dd class="nhsuk-summary-list__value">7A9089-A83008-56A03J</dd>
  </div>
</dl>
<div class="nhsuk-action-link"><a class="nhsuk-action-link__link" href="baseUrl/prescribe/cancel?prescription_id=7A9089-A83008-56A03J"><svg class="nhsuk-icon nhsuk-icon__arrow-right-circle" xmlns="http://www.w3.org/2000/svg" viewBox="0 0 24 24" aria-hidden="true" height="36" width="36">
      <path d="M0 0h24v24H0z" fill="none"></path>
      <path d="M12 2a10 10 0 0 0-9.95 9h11.64L9.74 7.05a1 1 0 0 1 1.41-1.41l5.66 5.65a1 1 0 0 1 0 1.42l-5.66 5.65a1 1 0 0 1-1.41 0 1 1 0 0 1 0-1.41L13.69 13H2.05A10 10 0 1 0 12 2z"></path>
    </svg><span class="nhsuk-action-link__text">Cancel prescription</span></a></div>
<div class="nhsuk-action-link"><a class="nhsuk-action-link__link" href="baseUrl/dispense/dispense?prescription_id=7A9089-A83008-56A03J"><svg class="nhsuk-icon nhsuk-icon__arrow-right-circle" xmlns="http://www.w3.org/2000/svg" viewBox="0 0 24 24" aria-hidden="true" height="36" width="36">
      <path d="M0 0h24v24H0z" fill="none"></path>
      <path d="M12 2a10 10 0 0 0-9.95 9h11.64L9.74 7.05a1 1 0 0 1 1.41-1.41l5.66 5.65a1 1 0 0 1 0 1.42l-5.66 5.65a1 1 0 0 1-1.41 0 1 1 0 0 1 0-1.41L13.69 13H2.05A10 10 0 1 0 12 2z"></path>
    </svg><span class="nhsuk-action-link__text">Dispense prescription</span></a></div>
<div class="nhsuk-action-link"><a class="nhsuk-action-link__link" href="baseUrl/view?prescription_id=7A9089-A83008-56A03J"><svg class="nhsuk-icon nhsuk-icon__arrow-right-circle" xmlns="http://www.w3.org/2000/svg" viewBox="0 0 24 24" aria-hidden="true" height="36" width="36">
      <path d="M0 0h24v24H0z" fill="none"></path>
      <path d="M12 2a10 10 0 0 0-9.95 9h11.64L9.74 7.05a1 1 0 0 1 1.41-1.41l5.66 5.65a1 1 0 0 1 0 1.42l-5.66 5.65a1 1 0 0 1-1.41 0 1 1 0 0 1 0-1.41L13.69 13H2.05A10 10 0 1 0 12 2z"></path>
    </svg><span class="nhsuk-action-link__text">Check prescription status</span></a></div>
<div class="nhsuk-expander-group">
  <details class="nhsuk-details nhsuk-expander">
    <summary class="nhsuk-details__summary"><span class="nhsuk-details__summary-text">1 - FHIR Request that a supplier would send to the FHIR API</span></summary>
    <div class="nhsuk-details__text">
      <div class="sc-egkSDF hcqWyj"><button class="nhsuk-button sc-ivxoEo krxZPo" aria-disabled="false" type="submit">Copy</button><a class="nhsuk-button sc-ivxoEo krxZPo" role="button" aria-disabled="false" draggable="false" href="data:application/json;charset=utf-8,%7B%0A%20%20%22req%22%3A%20%22JSON%20Request%22%0A%7D" download="message">Download</a></div><code class="json-view"><span>{</span><span class="jv-size-chevron"><svg xmlns="http://www.w3.org/2000/svg" width="16" height="16" fill="none" viewBox="0 0 16 16" class="jv-chevron"><path fill="currentColor" d="M12.473 5.806a.666.666 0 0 0-.946 0L8.473 8.86a.667.667 0 0 1-.946 0L4.473 5.806a.667.667 0 1 0-.946.94l3.06 3.06a2 2 0 0 0 2.826 0l3.06-3.06a.667.667 0 0 0 0-.94Z"></path></svg></span><svg xmlns="http://www.w3.org/2000/svg" width="24" height="24" fill="none" viewBox="0 0 24 24" class="json-view--copy"><path fill="currentColor" d="M17.542 2.5h-4.75a3.963 3.963 0 0 0-3.959 3.958v4.75a3.963 3.963 0 0 0 3.959 3.959h4.75a3.963 3.963 0 0 0 3.958-3.959v-4.75A3.963 3.963 0 0 0 17.542 2.5Zm2.375 8.708a2.378 2.378 0 0 1-2.375 2.375h-4.75a2.378 2.378 0 0 1-2.375-2.375v-4.75a2.378 2.378 0 0 1 2.375-2.375h4.75a2.378 2.378 0 0 1 2.375 2.375v4.75Zm-4.75 6.334a3.963 3.963 0 0 1-3.959 3.958h-4.75A3.963 3.963 0 0 1 2.5 17.542v-4.75a3.963 3.963 0 0 1 3.958-3.959.791.791 0 1 1 0 1.584 2.378 2.378 0 0 0-2.375 2.375v4.75a2.378 2.378 0 0 0 2.375 2.375h4.75a2.378 2.378 0 0 0 2.375-2.375.792.792 0 1 1 1.584 0Z"></path></svg><div class="jv-indent"><div class="json-view--pair"><span class="json-view--property">req</span>: <span class="json-view--string">"JSON Request"</span><svg xmlns="http://www.w3.org/2000/svg" width="24" height="24" fill="none" viewBox="0 0 24 24" class="json-view--copy"><path fill="currentColor" d="M17.542 2.5h-4.75a3.963 3.963 0 0 0-3.959 3.958v4.75a3.963 3.963 0 0 0 3.959 3.959h4.75a3.963 3.963 0 0 0 3.958-3.959v-4.75A3.963 3.963 0 0 0 17.542 2.5Zm2.375 8.708a2.378 2.378 0 0 1-2.375 2.375h-4.75a2.378 2.378 0 0 1-2.375-2.375v-4.75a2.378 2.378 0 0 1 2.375-2.375h4.75a2.378 2.378 0 0 1 2.375 2.375v4.75Zm-4.75 6.334a3.963 3.963 0 0 1-3.959 3.958h-4.75A3.963 3.963 0 0 1 2.5 17.542v-4.75a3.963 3.963 0 0 1 3.958-3.959.791.791 0 1 1 0 1.584 2.378 2.378 0 0 0-2.375 2.375v4.75a2.378 2.378 0 0 0 2.375 2.375h4.75a2.378 2.378 0 0 0 2.375-2.375.792.792 0 1 1 1.584 0Z"></path></svg></div></div><span>}</span></code>
    </div>
  </details>
  <details class="nhsuk-details nhsuk-expander">
    <summary class="nhsuk-details__summary"><span class="nhsuk-details__summary-text">2 - Equivalent hl7v3 that the FHIR API has sent to spine</span></summary>
    <div class="nhsuk-details__text">
      <div class="sc-egkSDF hcqWyj"><button class="nhsuk-button sc-ivxoEo krxZPo" aria-disabled="false" type="submit">Copy</button><a class="nhsuk-button sc-ivxoEo krxZPo" role="button" aria-disabled="false" draggable="false" href="data:text/xml;charset=utf-8,XML%20Request" download="message">Download</a></div><pre class="sc-dntaoT cwTwjs">XML Request</pre>
    </div>
  </details>
  <details class="nhsuk-details nhsuk-expander">
    <summary class="nhsuk-details__summary"><span class="nhsuk-details__summary-text">3 -  The hl7v3 spine response that the FHIR API received from spine</span></summary>
    <div class="nhsuk-details__text">
      <div class="sc-egkSDF hcqWyj"><button class="nhsuk-button sc-ivxoEo krxZPo" aria-disabled="false" type="submit">Copy</button><a class="nhsuk-button sc-ivxoEo krxZPo" role="button" aria-disabled="false" draggable="false" href="data:text/xml;charset=utf-8,XML%20Response" download="message">Download</a></div><pre class="sc-dntaoT cwTwjs">XML Response</pre>
    </div>
  </details>
  <details class="nhsuk-details nhsuk-expander">
    <summary class="nhsuk-details__summary"><span class="nhsuk-details__summary-text">4 - FHIR Response that a supplier will receive from the FHIR API</span></summary>
    <div class="nhsuk-details__text">
      <div class="sc-egkSDF hcqWyj"><button class="nhsuk-button sc-ivxoEo krxZPo" aria-disabled="false" type="submit">Copy</button><a class="nhsuk-button sc-ivxoEo krxZPo" role="button" aria-disabled="false" draggable="false" href="data:application/json;charset=utf-8,%7B%0A%20%20%22res%22%3A%20%22JSON%20Response%22%0A%7D" download="message">Download</a></div><code class="json-view"><span>{</span><span class="jv-size-chevron"><svg xmlns="http://www.w3.org/2000/svg" width="16" height="16" fill="none" viewBox="0 0 16 16" class="jv-chevron"><path fill="currentColor" d="M12.473 5.806a.666.666 0 0 0-.946 0L8.473 8.86a.667.667 0 0 1-.946 0L4.473 5.806a.667.667 0 1 0-.946.94l3.06 3.06a2 2 0 0 0 2.826 0l3.06-3.06a.667.667 0 0 0 0-.94Z"></path></svg></span><svg xmlns="http://www.w3.org/2000/svg" width="24" height="24" fill="none" viewBox="0 0 24 24" class="json-view--copy"><path fill="currentColor" d="M17.542 2.5h-4.75a3.963 3.963 0 0 0-3.959 3.958v4.75a3.963 3.963 0 0 0 3.959 3.959h4.75a3.963 3.963 0 0 0 3.958-3.959v-4.75A3.963 3.963 0 0 0 17.542 2.5Zm2.375 8.708a2.378 2.378 0 0 1-2.375 2.375h-4.75a2.378 2.378 0 0 1-2.375-2.375v-4.75a2.378 2.378 0 0 1 2.375-2.375h4.75a2.378 2.378 0 0 1 2.375 2.375v4.75Zm-4.75 6.334a3.963 3.963 0 0 1-3.959 3.958h-4.75A3.963 3.963 0 0 1 2.5 17.542v-4.75a3.963 3.963 0 0 1 3.958-3.959.791.791 0 1 1 0 1.584 2.378 2.378 0 0 0-2.375 2.375v4.75a2.378 2.378 0 0 0 2.375 2.375h4.75a2.378 2.378 0 0 0 2.375-2.375.792.792 0 1 1 1.584 0Z"></path></svg><div class="jv-indent"><div class="json-view--pair"><span class="json-view--property">res</span>: <span class="json-view--string">"JSON Response"</span><svg xmlns="http://www.w3.org/2000/svg" width="24" height="24" fill="none" viewBox="0 0 24 24" class="json-view--copy"><path fill="currentColor" d="M17.542 2.5h-4.75a3.963 3.963 0 0 0-3.959 3.958v4.75a3.963 3.963 0 0 0 3.959 3.959h4.75a3.963 3.963 0 0 0 3.958-3.959v-4.75A3.963 3.963 0 0 0 17.542 2.5Zm2.375 8.708a2.378 2.378 0 0 1-2.375 2.375h-4.75a2.378 2.378 0 0 1-2.375-2.375v-4.75a2.378 2.378 0 0 1 2.375-2.375h4.75a2.378 2.378 0 0 1 2.375 2.375v4.75Zm-4.75 6.334a3.963 3.963 0 0 1-3.959 3.958h-4.75A3.963 3.963 0 0 1 2.5 17.542v-4.75a3.963 3.963 0 0 1 3.958-3.959.791.791 0 1 1 0 1.584 2.378 2.378 0 0 0-2.375 2.375v4.75a2.378 2.378 0 0 0 2.375 2.375h4.75a2.378 2.378 0 0 0 2.375-2.375.792.792 0 1 1 1.584 0Z"></path></svg></div></div><span>}</span></code>
    </div>
  </details>
</div>
<div class="sc-egkSDF hcqWyj"><button class="nhsuk-button nhsuk-button--secondary" aria-disabled="false" type="button">Back</button></div>"
`;

exports[`Withdraw Page When the user submits the withdraw form successfully with two dispense notifications should match the snapshot 1`] = `
"<h1 class="nhsuk-label-wrapper"><label class="nhsuk-label nhsuk-label--xl">Withdraw Result <svg class="nhsuk-icon nhsuk-icon__tick" xmlns="http://www.w3.org/2000/svg" viewBox="0 0 24 24" aria-hidden="true" height="34" width="34">
      <path stroke-width="4" stroke-linecap="round" stroke="#007f3b" fill="none" d="M18.4 7.8l-8.5 8.4L5.6 12"></path>
    </svg></label></h1>
<dl class="nhsuk-summary-list">
  <div class="nhsuk-summary-list__row">
    <dt class="nhsuk-summary-list__key">ID</dt>
    <dd class="nhsuk-summary-list__value">7A9089-A83008-56A03J</dd>
  </div>
</dl>
<div class="nhsuk-table__panel-with-heading-tab">
  <h3 class="nhsuk-table__heading-tab">Dispense Events</h3>
  <table class="nhsuk-table">
    <tbody class="nhsuk-table__body">
      <details class="nhsuk-details nhsuk-expander">
        <summary class="nhsuk-details__summary"><span class="nhsuk-details__summary-text">Event 1</span></summary>
        <dl class="nhsuk-summary-list sc-keTIit kozgQB">
          <div class="nhsuk-summary-list__row">
            <dt class="nhsuk-summary-list__key">ID</dt>
            <dd class="nhsuk-summary-list__value">76d1cc0b-bd64-4fad-a513-4de0f2ae7014</dd>
          </div>
          <div class="nhsuk-summary-list__row">
            <dt class="nhsuk-summary-list__key">Event Date</dt>
            <dd class="nhsuk-summary-list__value">07-Jul-2021 15:43:00</dd>
          </div>
          <div class="nhsuk-summary-list__row">
            <dt class="nhsuk-summary-list__key">Prescription Status</dt>
            <dd class="nhsuk-summary-list__value">Dispensed</dd>
          </div>
        </dl>
        <div class="nhsuk-details__text">
          <table class="nhsuk-table">
            <thead class="nhsuk-table__head">
              <tr class="nhsuk-table__row">
                <th class="nhsuk-table__header" scope="col">Medication Code</th>
                <th class="nhsuk-table__header" scope="col">Medication Name</th>
                <th class="nhsuk-table__header" scope="col">Item Status</th>
                <th class="nhsuk-table__header" scope="col">Quantity</th>
              </tr>
            </thead>
            <tbody class="nhsuk-table__body">
              <tr class="nhsuk-table__row">
                <td class="nhsuk-table__cell">15517911000001104</td>
                <td class="nhsuk-table__cell">Methotrexate 10mg/0.2ml solution for injection pre-filled syringes</td>
                <td class="nhsuk-table__cell">Item fully dispensed</td>
                <td class="nhsuk-table__cell">63 tablet</td>
              </tr>
            </tbody>
          </table><a class="nhsuk-button sc-dpBQxM jhgZwq" role="button" aria-disabled="false" draggable="false" href="baseUrl/dispense/dispense?prescription_id=7A9089-A83008-56A03J&amp;amend_id=76d1cc0b-bd64-4fad-a513-4de0f2ae7014">Amend</a>
        </div>
      </details>
    </tbody>
  </table>
</div>
<div class="nhsuk-action-link"><a class="nhsuk-action-link__link" href="baseUrl/prescribe/cancel?prescription_id=7A9089-A83008-56A03J"><svg class="nhsuk-icon nhsuk-icon__arrow-right-circle" xmlns="http://www.w3.org/2000/svg" viewBox="0 0 24 24" aria-hidden="true" height="36" width="36">
      <path d="M0 0h24v24H0z" fill="none"></path>
      <path d="M12 2a10 10 0 0 0-9.95 9h11.64L9.74 7.05a1 1 0 0 1 1.41-1.41l5.66 5.65a1 1 0 0 1 0 1.42l-5.66 5.65a1 1 0 0 1-1.41 0 1 1 0 0 1 0-1.41L13.69 13H2.05A10 10 0 1 0 12 2z"></path>
    </svg><span class="nhsuk-action-link__text">Cancel prescription</span></a></div>
<div class="nhsuk-action-link"><a class="nhsuk-action-link__link" href="baseUrl/dispense/dispense?prescription_id=7A9089-A83008-56A03J"><svg class="nhsuk-icon nhsuk-icon__arrow-right-circle" xmlns="http://www.w3.org/2000/svg" viewBox="0 0 24 24" aria-hidden="true" height="36" width="36">
      <path d="M0 0h24v24H0z" fill="none"></path>
      <path d="M12 2a10 10 0 0 0-9.95 9h11.64L9.74 7.05a1 1 0 0 1 1.41-1.41l5.66 5.65a1 1 0 0 1 0 1.42l-5.66 5.65a1 1 0 0 1-1.41 0 1 1 0 0 1 0-1.41L13.69 13H2.05A10 10 0 1 0 12 2z"></path>
    </svg><span class="nhsuk-action-link__text">Dispense prescription</span></a></div>
<div class="nhsuk-action-link"><a class="nhsuk-action-link__link" href="baseUrl/dispense/withdraw?prescription_id=7A9089-A83008-56A03J"><svg class="nhsuk-icon nhsuk-icon__arrow-right-circle" xmlns="http://www.w3.org/2000/svg" viewBox="0 0 24 24" aria-hidden="true" height="36" width="36">
      <path d="M0 0h24v24H0z" fill="none"></path>
      <path d="M12 2a10 10 0 0 0-9.95 9h11.64L9.74 7.05a1 1 0 0 1 1.41-1.41l5.66 5.65a1 1 0 0 1 0 1.42l-5.66 5.65a1 1 0 0 1-1.41 0 1 1 0 0 1 0-1.41L13.69 13H2.05A10 10 0 1 0 12 2z"></path>
    </svg><span class="nhsuk-action-link__text">Withdraw prescription</span></a></div>
<div class="nhsuk-action-link"><a class="nhsuk-action-link__link" href="baseUrl/view?prescription_id=7A9089-A83008-56A03J"><svg class="nhsuk-icon nhsuk-icon__arrow-right-circle" xmlns="http://www.w3.org/2000/svg" viewBox="0 0 24 24" aria-hidden="true" height="36" width="36">
      <path d="M0 0h24v24H0z" fill="none"></path>
      <path d="M12 2a10 10 0 0 0-9.95 9h11.64L9.74 7.05a1 1 0 0 1 1.41-1.41l5.66 5.65a1 1 0 0 1 0 1.42l-5.66 5.65a1 1 0 0 1-1.41 0 1 1 0 0 1 0-1.41L13.69 13H2.05A10 10 0 1 0 12 2z"></path>
    </svg><span class="nhsuk-action-link__text">Check prescription status</span></a></div>
<div class="nhsuk-expander-group">
  <details class="nhsuk-details nhsuk-expander">
    <summary class="nhsuk-details__summary"><span class="nhsuk-details__summary-text">1 - FHIR Request that a supplier would send to the FHIR API</span></summary>
    <div class="nhsuk-details__text">
      <div class="sc-egkSDF hcqWyj"><button class="nhsuk-button sc-ivxoEo krxZPo" aria-disabled="false" type="submit">Copy</button><a class="nhsuk-button sc-ivxoEo krxZPo" role="button" aria-disabled="false" draggable="false" href="data:application/json;charset=utf-8,%7B%0A%20%20%22req%22%3A%20%22JSON%20Request%22%0A%7D" download="message">Download</a></div><code class="json-view"><span>{</span><span class="jv-size-chevron"><svg xmlns="http://www.w3.org/2000/svg" width="16" height="16" fill="none" viewBox="0 0 16 16" class="jv-chevron"><path fill="currentColor" d="M12.473 5.806a.666.666 0 0 0-.946 0L8.473 8.86a.667.667 0 0 1-.946 0L4.473 5.806a.667.667 0 1 0-.946.94l3.06 3.06a2 2 0 0 0 2.826 0l3.06-3.06a.667.667 0 0 0 0-.94Z"></path></svg></span><svg xmlns="http://www.w3.org/2000/svg" width="24" height="24" fill="none" viewBox="0 0 24 24" class="json-view--copy"><path fill="currentColor" d="M17.542 2.5h-4.75a3.963 3.963 0 0 0-3.959 3.958v4.75a3.963 3.963 0 0 0 3.959 3.959h4.75a3.963 3.963 0 0 0 3.958-3.959v-4.75A3.963 3.963 0 0 0 17.542 2.5Zm2.375 8.708a2.378 2.378 0 0 1-2.375 2.375h-4.75a2.378 2.378 0 0 1-2.375-2.375v-4.75a2.378 2.378 0 0 1 2.375-2.375h4.75a2.378 2.378 0 0 1 2.375 2.375v4.75Zm-4.75 6.334a3.963 3.963 0 0 1-3.959 3.958h-4.75A3.963 3.963 0 0 1 2.5 17.542v-4.75a3.963 3.963 0 0 1 3.958-3.959.791.791 0 1 1 0 1.584 2.378 2.378 0 0 0-2.375 2.375v4.75a2.378 2.378 0 0 0 2.375 2.375h4.75a2.378 2.378 0 0 0 2.375-2.375.792.792 0 1 1 1.584 0Z"></path></svg><div class="jv-indent"><div class="json-view--pair"><span class="json-view--property">req</span>: <span class="json-view--string">"JSON Request"</span><svg xmlns="http://www.w3.org/2000/svg" width="24" height="24" fill="none" viewBox="0 0 24 24" class="json-view--copy"><path fill="currentColor" d="M17.542 2.5h-4.75a3.963 3.963 0 0 0-3.959 3.958v4.75a3.963 3.963 0 0 0 3.959 3.959h4.75a3.963 3.963 0 0 0 3.958-3.959v-4.75A3.963 3.963 0 0 0 17.542 2.5Zm2.375 8.708a2.378 2.378 0 0 1-2.375 2.375h-4.75a2.378 2.378 0 0 1-2.375-2.375v-4.75a2.378 2.378 0 0 1 2.375-2.375h4.75a2.378 2.378 0 0 1 2.375 2.375v4.75Zm-4.75 6.334a3.963 3.963 0 0 1-3.959 3.958h-4.75A3.963 3.963 0 0 1 2.5 17.542v-4.75a3.963 3.963 0 0 1 3.958-3.959.791.791 0 1 1 0 1.584 2.378 2.378 0 0 0-2.375 2.375v4.75a2.378 2.378 0 0 0 2.375 2.375h4.75a2.378 2.378 0 0 0 2.375-2.375.792.792 0 1 1 1.584 0Z"></path></svg></div></div><span>}</span></code>
    </div>
  </details>
  <details class="nhsuk-details nhsuk-expander">
    <summary class="nhsuk-details__summary"><span class="nhsuk-details__summary-text">2 - Equivalent hl7v3 that the FHIR API has sent to spine</span></summary>
    <div class="nhsuk-details__text">
      <div class="sc-egkSDF hcqWyj"><button class="nhsuk-button sc-ivxoEo krxZPo" aria-disabled="false" type="submit">Copy</button><a class="nhsuk-button sc-ivxoEo krxZPo" role="button" aria-disabled="false" draggable="false" href="data:text/xml;charset=utf-8,XML%20Request" download="message">Download</a></div><pre class="sc-dntaoT cwTwjs">XML Request</pre>
    </div>
  </details>
  <details class="nhsuk-details nhsuk-expander">
    <summary class="nhsuk-details__summary"><span class="nhsuk-details__summary-text">3 -  The hl7v3 spine response that the FHIR API received from spine</span></summary>
    <div class="nhsuk-details__text">
      <div class="sc-egkSDF hcqWyj"><button class="nhsuk-button sc-ivxoEo krxZPo" aria-disabled="false" type="submit">Copy</button><a class="nhsuk-button sc-ivxoEo krxZPo" role="button" aria-disabled="false" draggable="false" href="data:text/xml;charset=utf-8,XML%20Response" download="message">Download</a></div><pre class="sc-dntaoT cwTwjs">XML Response</pre>
    </div>
  </details>
  <details class="nhsuk-details nhsuk-expander">
    <summary class="nhsuk-details__summary"><span class="nhsuk-details__summary-text">4 - FHIR Response that a supplier will receive from the FHIR API</span></summary>
    <div class="nhsuk-details__text">
      <div class="sc-egkSDF hcqWyj"><button class="nhsuk-button sc-ivxoEo krxZPo" aria-disabled="false" type="submit">Copy</button><a class="nhsuk-button sc-ivxoEo krxZPo" role="button" aria-disabled="false" draggable="false" href="data:application/json;charset=utf-8,%7B%0A%20%20%22res%22%3A%20%22JSON%20Response%22%0A%7D" download="message">Download</a></div><code class="json-view"><span>{</span><span class="jv-size-chevron"><svg xmlns="http://www.w3.org/2000/svg" width="16" height="16" fill="none" viewBox="0 0 16 16" class="jv-chevron"><path fill="currentColor" d="M12.473 5.806a.666.666 0 0 0-.946 0L8.473 8.86a.667.667 0 0 1-.946 0L4.473 5.806a.667.667 0 1 0-.946.94l3.06 3.06a2 2 0 0 0 2.826 0l3.06-3.06a.667.667 0 0 0 0-.94Z"></path></svg></span><svg xmlns="http://www.w3.org/2000/svg" width="24" height="24" fill="none" viewBox="0 0 24 24" class="json-view--copy"><path fill="currentColor" d="M17.542 2.5h-4.75a3.963 3.963 0 0 0-3.959 3.958v4.75a3.963 3.963 0 0 0 3.959 3.959h4.75a3.963 3.963 0 0 0 3.958-3.959v-4.75A3.963 3.963 0 0 0 17.542 2.5Zm2.375 8.708a2.378 2.378 0 0 1-2.375 2.375h-4.75a2.378 2.378 0 0 1-2.375-2.375v-4.75a2.378 2.378 0 0 1 2.375-2.375h4.75a2.378 2.378 0 0 1 2.375 2.375v4.75Zm-4.75 6.334a3.963 3.963 0 0 1-3.959 3.958h-4.75A3.963 3.963 0 0 1 2.5 17.542v-4.75a3.963 3.963 0 0 1 3.958-3.959.791.791 0 1 1 0 1.584 2.378 2.378 0 0 0-2.375 2.375v4.75a2.378 2.378 0 0 0 2.375 2.375h4.75a2.378 2.378 0 0 0 2.375-2.375.792.792 0 1 1 1.584 0Z"></path></svg><div class="jv-indent"><div class="json-view--pair"><span class="json-view--property">res</span>: <span class="json-view--string">"JSON Response"</span><svg xmlns="http://www.w3.org/2000/svg" width="24" height="24" fill="none" viewBox="0 0 24 24" class="json-view--copy"><path fill="currentColor" d="M17.542 2.5h-4.75a3.963 3.963 0 0 0-3.959 3.958v4.75a3.963 3.963 0 0 0 3.959 3.959h4.75a3.963 3.963 0 0 0 3.958-3.959v-4.75A3.963 3.963 0 0 0 17.542 2.5Zm2.375 8.708a2.378 2.378 0 0 1-2.375 2.375h-4.75a2.378 2.378 0 0 1-2.375-2.375v-4.75a2.378 2.378 0 0 1 2.375-2.375h4.75a2.378 2.378 0 0 1 2.375 2.375v4.75Zm-4.75 6.334a3.963 3.963 0 0 1-3.959 3.958h-4.75A3.963 3.963 0 0 1 2.5 17.542v-4.75a3.963 3.963 0 0 1 3.958-3.959.791.791 0 1 1 0 1.584 2.378 2.378 0 0 0-2.375 2.375v4.75a2.378 2.378 0 0 0 2.375 2.375h4.75a2.378 2.378 0 0 0 2.375-2.375.792.792 0 1 1 1.584 0Z"></path></svg></div></div><span>}</span></code>
    </div>
  </details>
</div>
<div class="sc-egkSDF hcqWyj"><button class="nhsuk-button nhsuk-button--secondary" aria-disabled="false" type="button">Back</button></div>"
`;

exports[`Withdraw Page When there are two dispense notifications should match the snapshot 1`] = `
"<h1 class="nhsuk-label-wrapper"><label class="nhsuk-label nhsuk-label--xl">Withdrawing Dispense: 76d1cc0b-bd64-4fad-a513-4de0f2ae7014</label></h1>
<div class="nhsuk-table__panel-with-heading-tab">
  <h3 class="nhsuk-table__heading-tab">Dispense Events</h3>
  <table class="nhsuk-table">
    <tbody class="nhsuk-table__body">
      <details class="nhsuk-details nhsuk-expander">
        <summary class="nhsuk-details__summary"><span class="nhsuk-details__summary-text">Event 1</span></summary>
        <dl class="nhsuk-summary-list sc-keTIit kozgQB">
          <div class="nhsuk-summary-list__row">
            <dt class="nhsuk-summary-list__key">ID</dt>
            <dd class="nhsuk-summary-list__value">76d1cc0b-bd64-4fad-a513-4de0f2ae7014</dd>
          </div>
          <div class="nhsuk-summary-list__row">
            <dt class="nhsuk-summary-list__key">Event Date</dt>
            <dd class="nhsuk-summary-list__value">07-Jul-2021 15:43:00</dd>
          </div>
          <div class="nhsuk-summary-list__row">
            <dt class="nhsuk-summary-list__key">Prescription Status</dt>
            <dd class="nhsuk-summary-list__value">Dispensed</dd>
          </div>
        </dl>
        <div class="nhsuk-details__text">
          <table class="nhsuk-table">
            <thead class="nhsuk-table__head">
              <tr class="nhsuk-table__row">
                <th class="nhsuk-table__header" scope="col">Medication Code</th>
                <th class="nhsuk-table__header" scope="col">Medication Name</th>
                <th class="nhsuk-table__header" scope="col">Item Status</th>
                <th class="nhsuk-table__header" scope="col">Quantity</th>
              </tr>
            </thead>
            <tbody class="nhsuk-table__body">
              <tr class="nhsuk-table__row">
                <td class="nhsuk-table__cell">15517911000001104</td>
                <td class="nhsuk-table__cell">Methotrexate 10mg/0.2ml solution for injection pre-filled syringes</td>
                <td class="nhsuk-table__cell">Item fully dispensed</td>
                <td class="nhsuk-table__cell">63 tablet</td>
              </tr>
            </tbody>
          </table><a class="nhsuk-button sc-dpBQxM jhgZwq" role="button" aria-disabled="false" draggable="false" href="baseUrl/dispense/dispense?prescription_id=7A9089-A83008-56A03J&amp;amend_id=76d1cc0b-bd64-4fad-a513-4de0f2ae7014">Amend</a>
        </div>
      </details>
      <details class="nhsuk-details nhsuk-expander">
        <summary class="nhsuk-details__summary"><span class="nhsuk-details__summary-text">Event 2</span></summary>
        <dl class="nhsuk-summary-list sc-keTIit kozgQB">
          <div class="nhsuk-summary-list__row">
            <dt class="nhsuk-summary-list__key">ID</dt>
            <dd class="nhsuk-summary-list__value">76d1cc0b-bd64-4fad-a513-4de0f2ae7014</dd>
          </div>
          <div class="nhsuk-summary-list__row">
            <dt class="nhsuk-summary-list__key">Event Date</dt>
            <dd class="nhsuk-summary-list__value">07-Jul-2021 15:43:00</dd>
          </div>
          <div class="nhsuk-summary-list__row">
            <dt class="nhsuk-summary-list__key">Prescription Status</dt>
            <dd class="nhsuk-summary-list__value">Dispensed</dd>
          </div>
        </dl>
        <div class="nhsuk-details__text">
          <table class="nhsuk-table">
            <thead class="nhsuk-table__head">
              <tr class="nhsuk-table__row">
                <th class="nhsuk-table__header" scope="col">Medication Code</th>
                <th class="nhsuk-table__header" scope="col">Medication Name</th>
                <th class="nhsuk-table__header" scope="col">Item Status</th>
                <th class="nhsuk-table__header" scope="col">Quantity</th>
              </tr>
            </thead>
            <tbody class="nhsuk-table__body">
              <tr class="nhsuk-table__row">
                <td class="nhsuk-table__cell">15517911000001104</td>
                <td class="nhsuk-table__cell">Methotrexate 10mg/0.2ml solution for injection pre-filled syringes</td>
                <td class="nhsuk-table__cell">Item fully dispensed</td>
                <td class="nhsuk-table__cell">63 tablet</td>
              </tr>
            </tbody>
          </table><a class="nhsuk-button sc-dpBQxM jhgZwq" role="button" aria-disabled="false" draggable="false" href="baseUrl/dispense/dispense?prescription_id=7A9089-A83008-56A03J&amp;amend_id=76d1cc0b-bd64-4fad-a513-4de0f2ae7014">Amend</a>
        </div>
      </details>
    </tbody>
  </table>
</div>
<form>
  <div class="nhsuk-form-group">
    <fieldset class="nhsuk-fieldset">
      <div class="nhsuk-form-group"><label class="nhsuk-label nhsuk-label--s" id="pharmacy--label" for="pharmacy">Pharmacy withdrawing prescription</label>
        <div class="nhsuk-radios" id="pharmacy" value="VNFKT" aria-label="Pharmacy withdrawing prescription">
          <div class="nhsuk-radios__item"><input class="nhsuk-radios__input" id="pharmacy-1" name="pharmacy" type="radio" value="VNFKT" checked=""><label class="nhsuk-label nhsuk-radios__label" id="pharmacy-1--label" for="pharmacy-1">VNFKT - FIVE STAR HOMECARE LEEDS LTD</label></div>
          <div class="nhsuk-radios__item"><input class="nhsuk-radios__input" id="pharmacy-2" name="pharmacy" type="radio" value="YGM1E"><label class="nhsuk-label nhsuk-radios__label" id="pharmacy-2--label" for="pharmacy-2">YGM1E - MBBM HEALTHCARE TECHNOLOGIES LTD</label></div>
          <div class="nhsuk-radios__item"><input class="nhsuk-radios__input" id="pharmacy-3" name="pharmacy" type="radio" value="custom"><label class="nhsuk-label nhsuk-radios__label" id="pharmacy-3--label" for="pharmacy-3">Other</label></div>
        </div>
      </div>
      <div class="nhsuk-form-group"><label class="nhsuk-label nhsuk-label--s" id="reason--label" for="reason">Choose a reason for withdrawing</label>
        <div class="nhsuk-radios" id="reason" value="0002" aria-label="Choose a reason for withdrawing">
          <div class="nhsuk-radios__item"><input class="nhsuk-radios__input" id="reason-1" name="reason" type="radio" value="QU"><label class="nhsuk-label nhsuk-radios__label" id="reason-1--label" for="reason-1">Quantity Update</label></div>
          <div class="nhsuk-radios__item"><input class="nhsuk-radios__input" id="reason-2" name="reason" type="radio" value="MU"><label class="nhsuk-label nhsuk-radios__label" id="reason-2--label" for="reason-2">Medication Update</label></div>
          <div class="nhsuk-radios__item"><input class="nhsuk-radios__input" id="reason-3" name="reason" type="radio" value="DA"><label class="nhsuk-label nhsuk-radios__label" id="reason-3--label" for="reason-3">Dosage Amendments</label></div>
          <div class="nhsuk-radios__item"><input class="nhsuk-radios__input" id="reason-4" name="reason" type="radio" value="PA"><label class="nhsuk-label nhsuk-radios__label" id="reason-4--label" for="reason-4">Patient Details Amendments</label></div>
          <div class="nhsuk-radios__item"><input class="nhsuk-radios__input" id="reason-5" name="reason" type="radio" value="OC"><label class="nhsuk-label nhsuk-radios__label" id="reason-5--label" for="reason-5">Other Clinical</label></div>
          <div class="nhsuk-radios__item"><input class="nhsuk-radios__input" id="reason-6" name="reason" type="radio" value="ONC"><label class="nhsuk-label nhsuk-radios__label" id="reason-6--label" for="reason-6">Other Non-Clinical</label></div>
        </div>
      </div>
    </fieldset>
  </div>
  <div class="sc-egkSDF hcqWyj"><button class="nhsuk-button" aria-disabled="false" type="submit">Withdraw</button><button class="nhsuk-button nhsuk-button--secondary" aria-disabled="false" type="button">Back</button></div>
</form>"
`;
